
Copyright (C) 1994-2018 Synopsys, Inc.
This Synopsys software and all associated documentation are proprietary to Synopsys, Inc.
and may only be used pursuant to the terms and conditions of a written license agreement
with Synopsys, Inc. All other use, reproduction, modification, or distribution of the
Synopsys software or the associated documentation is strictly prohibited.
Tool: Synplify (R) Premier
Build: O-2018.09-SP1
Install: /vol/synopsys/fpga/O-2018.09-SP1
OS: Red Hat Enterprise Linux 8.10 (Ootpa)
Hostname: finagle.wot.ece.northwestern.edu
max virtual memory: unlimited (bytes)
max user processes: 254205
max stack size: 8388608 (bytes)


Implementation : rev_1
Synopsys HDL compiler and linker, Version comp2018q4p1, Build 004R, Built Nov 27 2018 21:19:49

Modified Files: 1
FID:  path (prevtimestamp, timestamp)
30       /home/gel8580/FM_Raadio_Proj/FM_Radio/imp/sv/fifo.sv (N/A, 2026-03-06 15:52:39)

*******************************************************************
Modules that may have changed as a result of file changes: 1
MID:  lib.cell.view
7        work.fifo.verilog may have changed because the following files changed:
                        /home/gel8580/FM_Raadio_Proj/FM_Radio/imp/sv/fifo.sv (N/A, 2026-03-06 15:52:39) <-- (module definition)

*******************************************************************
Unmodified files: 20
FID:  path (timestamp)
20       /home/gel8580/FM_Raadio_Proj/FM_Radio/imp/sv/add_sub.sv (2026-03-03 10:24:23)
21       /home/gel8580/FM_Raadio_Proj/FM_Radio/imp/sv/deemphasis.sv (2026-03-03 10:24:23)
22       /home/gel8580/FM_Raadio_Proj/FM_Radio/imp/sv/demodulate.sv (2026-03-03 10:24:24)
23       /home/gel8580/FM_Raadio_Proj/FM_Radio/imp/sv/fir.sv (2026-03-06 15:53:10)
24       /home/gel8580/FM_Raadio_Proj/FM_Radio/imp/sv/fir_pkg.sv (2026-03-03 10:24:23)
25       /home/gel8580/FM_Raadio_Proj/FM_Radio/imp/sv/fm_radio_top.sv (2026-03-06 15:53:00)
26       /home/gel8580/FM_Raadio_Proj/FM_Radio/imp/sv/gain.sv (2026-03-03 10:24:23)
27       /home/gel8580/FM_Raadio_Proj/FM_Radio/imp/sv/multiply.sv (2026-03-03 10:24:23)
28       /home/gel8580/FM_Raadio_Proj/FM_Radio/imp/sv/qarctan.sv (2026-03-03 10:24:23)
29       /home/gel8580/FM_Raadio_Proj/FM_Radio/imp/syn/rev_1/synwork//distcomp/distcomp0/distcomp0.xmr (2026-03-03 10:24:20)
10       /vol/synopsys/fpga/O-2018.09-SP1/lib/altera/altera.v (2018-11-27 23:10:11)
11       /vol/synopsys/fpga/O-2018.09-SP1/lib/altera/quartus_prime181/altera_lpm.v (2018-11-27 23:10:39)
12       /vol/synopsys/fpga/O-2018.09-SP1/lib/altera/quartus_prime181/altera_mf.v (2018-11-27 23:10:39)
13       /vol/synopsys/fpga/O-2018.09-SP1/lib/altera/quartus_prime181/altera_primitives.v (2018-11-27 23:10:39)
14       /vol/synopsys/fpga/O-2018.09-SP1/lib/altera/quartus_prime181/cycloneive.v (2018-11-27 23:10:40)
15       /vol/synopsys/fpga/O-2018.09-SP1/lib/synip/hcei/zceistubs.v (2018-11-27 23:12:11)
16       /vol/synopsys/fpga/O-2018.09-SP1/lib/vlog/hypermods.v (2018-11-27 23:17:48)
17       /vol/synopsys/fpga/O-2018.09-SP1/lib/vlog/scemi_objects.v (2018-11-27 23:17:48)
18       /vol/synopsys/fpga/O-2018.09-SP1/lib/vlog/scemi_pipes.svh (2018-11-27 23:17:48)
19       /vol/synopsys/fpga/O-2018.09-SP1/lib/vlog/umr_capim.v (2018-08-08 02:43:25)

*******************************************************************
Unchanged modules: 7
MID:  lib.cell.view
0        work.add_sub.verilog
1        work.deemphasis.verilog
2        work.demodulate.verilog
3        work.fir.verilog
4        work.fm_radio_top.verilog
5        work.gain.verilog
6        work.multiply.verilog
