
                             Synplify (R) Premier 

                Version O-2018.09-SP1 for RHEL64 - Nov 27, 2018 

                    Copyright (c) 1988 - 2018 Synopsys, Inc.
   This software and the associated documentation are proprietary to Synopsys,
 Inc. This software may only be used in accordance with the terms and conditions
 of a written license agreement with Synopsys, Inc. All other use, reproduction,
            or distribution of this software is strictly prohibited.

Starting:    /vol/synopsys/fpga/O-2018.09-SP1/linux_a_64/mbin/synplify
Install:     /vol/synopsys/fpga/O-2018.09-SP1
Hostname:    finagle.wot.ece.northwestern.edu
Date:        Fri Mar  6 16:00:01 2026
Version:     O-2018.09-SP1

Arguments:   -product synplify_premier
ProductType: synplify_premier

License checkout: synplifypremierdp
License: synplifypremierdp from server synopsyslm.ece.northwestern.edu (Using premium license)
Licensed Vendor: All FPGA
License Option: ident



log file: "/home/gel8580/FM_Raadio_Proj/FM_Radio/imp/syn/rev_1/fm_radio.srr"
Running: rev_1 in foreground

Running fm_radio|rev_1

Running Flow: compile (Compile) on fm_radio|rev_1
# Fri Mar  6 16:00:24 2026

Running Flow: compile_flow (Compile Process) on fm_radio|rev_1
# Fri Mar  6 16:00:24 2026
License granted for 4 parallel jobs

Running: compiler (Compile Input) on fm_radio|rev_1
# Fri Mar  6 16:00:24 2026
Copied /home/gel8580/FM_Raadio_Proj/FM_Radio/imp/syn/rev_1/synwork/fm_radio_comp.srs to /home/gel8580/FM_Raadio_Proj/FM_Radio/imp/syn/rev_1/fm_radio.srs
compiler exited with errors
Job failed on: fm_radio|rev_1

Job: "compiler" terminated with error status: 2
See log file: "/home/gel8580/FM_Raadio_Proj/FM_Radio/imp/syn/rev_1/synlog/fm_radio_compiler.srr"
# Fri Mar  6 16:00:33 2026

Return Code: 2
Run Time:00h:00m:09s
Complete: Compile Process on fm_radio|rev_1
Complete: Compile on fm_radio|rev_1
Complete: Logic Synthesis on fm_radio|rev_1
0log file: "/home/gel8580/FM_Raadio_Proj/FM_Radio/imp/syn/rev_1/fm_radio.srr"
Running: rev_1 in foreground

Running fm_radio|rev_1

Running Flow: compile (Compile) on fm_radio|rev_1
# Fri Mar  6 16:01:37 2026

Running Flow: compile_flow (Compile Process) on fm_radio|rev_1
# Fri Mar  6 16:01:37 2026
License granted for 4 parallel jobs

Running: compiler (Compile Input) on fm_radio|rev_1
# Fri Mar  6 16:01:37 2026

Job: "compiler" terminated with errors. Return status: 0
See log file: "/home/gel8580/FM_Raadio_Proj/FM_Radio/imp/syn/rev_1/synlog/fm_radio_compiler.srr"
# Fri Mar  6 16:01:39 2026

Return Code: 0
Run Time:00h:00m:02s
Job Canceled: "compiler"
Job Flow canceled: "rev_1"
0log file: "/home/gel8580/FM_Raadio_Proj/FM_Radio/imp/syn/rev_1/fm_radio.srr"
Running: rev_1 in foreground

Running fm_radio|rev_1

Running Flow: compile (Compile) on fm_radio|rev_1
# Fri Mar  6 16:01:52 2026

Running Flow: compile_flow (Compile Process) on fm_radio|rev_1
# Fri Mar  6 16:01:52 2026
License granted for 4 parallel jobs

Running: compiler (Compile Input) on fm_radio|rev_1
# Fri Mar  6 16:01:52 2026
Copied /home/gel8580/FM_Raadio_Proj/FM_Radio/imp/syn/rev_1/synwork/fm_radio_comp.srs to /home/gel8580/FM_Raadio_Proj/FM_Radio/imp/syn/rev_1/fm_radio.srs

compiler completed
# Fri Mar  6 16:02:02 2026

Return Code: 0
Run Time:00h:00m:10s

Running: multi_srs_gen (Multi-srs Generator) on fm_radio|rev_1
# Fri Mar  6 16:02:02 2026

multi_srs_gen completed
# Fri Mar  6 16:02:02 2026

Return Code: 0
Run Time:00h:00m:00s
Copied /home/gel8580/FM_Raadio_Proj/FM_Radio/imp/syn/rev_1/synwork/fm_radio_mult.srs to /home/gel8580/FM_Raadio_Proj/FM_Radio/imp/syn/rev_1/fm_radio.srs
Complete: Compile Process on fm_radio|rev_1

Running: premap (Premap) on fm_radio|rev_1
# Fri Mar  6 16:02:02 2026

premap completed with warnings
# Fri Mar  6 16:02:04 2026

Return Code: 1
Run Time:00h:00m:02s
Complete: Compile on fm_radio|rev_1

Running Flow: map (Map) on fm_radio|rev_1
# Fri Mar  6 16:02:04 2026
License granted for 4 parallel jobs

Running: fpga_mapper (Map & Optimize) on fm_radio|rev_1
# Fri Mar  6 16:02:04 2026
Copied /home/gel8580/FM_Raadio_Proj/FM_Radio/imp/syn/rev_1/synwork/fm_radio_m.srm to /home/gel8580/FM_Raadio_Proj/FM_Radio/imp/syn/rev_1/fm_radio.srm

fpga_mapper completed with warnings
# Fri Mar  6 16:03:46 2026

Return Code: 1
Run Time:00h:01m:42s
Complete: Map on fm_radio|rev_1
Complete: Logic Synthesis on fm_radio|rev_1
