##### START OF AREA REPORT #####[
Design view:work.fm_radio_top(verilog)
Selecting part EP4CE115F23C7

Total combinational functions 22041 of 114480 (19%)
Logic element usage by number of inputs
		  4 input functions 	 614
		  3 input functions 	 318
		  <=2 input functions 	 21109
Logic elements by mode
		  normal mode            1021
		  arithmetic mode        21020
Total registers 11835 of 114480 (10%)
I/O pins 133 of 529 (25%), total I/O based on largest package of this part.

Number of I/O registers
			Input DDRs    :0
			Output DDRs   :0

DSP.Simple_Multipliers_18_bit: 65
DSP.Simple_Multipliers_36_bit: 46
DSP Blocks:     249  (498 nine-bit DSP elements).
DSP Utilization: 93.61% of available 266 blocks (532 nine-bit).
ShiftTap:       0  (0 registers)
Total ESB:      1024 bits 

##### END OF AREA REPORT #####]

